[    3085ms] [ERROR] Error: Not connected to alive
    at i (https://github.githubassets.com/assets/19838-05af0a13b87a7404.js:2:3320)
    at https://github.githubassets.com/assets/58416-766722080fa0d185.js:5:124678 @ https://github.githubassets.com/assets/58416-766722080fa0d185.js:4
[    3085ms] [ERROR] Error: Not connected to alive
    at i (https://github.githubassets.com/assets/19838-05af0a13b87a7404.js:2:3320)
    at https://github.githubassets.com/assets/58416-766722080fa0d185.js:5:124678 @ https://github.githubassets.com/assets/58416-766722080fa0d185.js:4
[    3085ms] [ERROR] Error: Not connected to alive
    at i (https://github.githubassets.com/assets/19838-05af0a13b87a7404.js:2:3320)
    at https://github.githubassets.com/assets/58416-766722080fa0d185.js:5:124678 @ https://github.githubassets.com/assets/58416-766722080fa0d185.js:4
[    3414ms] [ERROR] Failed to load resource: net::ERR_CONNECTION_REFUSED @ https://collector.github.com/github/collect:0
[    3415ms] [ERROR] Failed to load resource: net::ERR_CONNECTION_REFUSED @ https://collector.github.com/github/collect:0
[    3427ms] [ERROR] Failed to load resource: net::ERR_CONNECTION_REFUSED @ https://collector.github.com/github/collect:0
[    3529ms] [ERROR] Failed to load resource: net::ERR_CONNECTION_REFUSED @ https://collector.github.com/github/collect:0
[    3542ms] [ERROR] Failed to load resource: net::ERR_CONNECTION_REFUSED @ https://collector.github.com/github/collect:0
[    3555ms] [ERROR] Failed to load resource: net::ERR_CONNECTION_REFUSED @ https://collector.github.com/github/collect:0
[    5764ms] [ERROR] Failed to load resource: net::ERR_CONNECTION_REFUSED @ https://collector.github.com/github/collect:0
[    5788ms] [ERROR] Failed to load resource: net::ERR_CONNECTION_REFUSED @ https://collector.github.com/github/collect:0
[    5990ms] [ERROR] Failed to load resource: net::ERR_CONNECTION_REFUSED @ https://collector.github.com/github/collect:0
[    8388ms] [ERROR] Failed to load resource: net::ERR_CONNECTION_REFUSED @ https://collector.github.com/github/collect:0
[ 3603048ms] [ERROR] Failed to load resource: net::ERR_CONNECTION_REFUSED @ https://collector.github.com/github/collect:0
[ 3603048ms] [ERROR] Failed to load resource: net::ERR_CONNECTION_REFUSED @ https://collector.github.com/github/collect:0
[ 7203047ms] [ERROR] Failed to load resource: net::ERR_CONNECTION_REFUSED @ https://collector.github.com/github/collect:0
[ 7203048ms] [ERROR] Failed to load resource: net::ERR_CONNECTION_REFUSED @ https://collector.github.com/github/collect:0
[10803047ms] [ERROR] Failed to load resource: net::ERR_CONNECTION_REFUSED @ https://collector.github.com/github/collect:0
[10803047ms] [ERROR] Failed to load resource: net::ERR_CONNECTION_REFUSED @ https://collector.github.com/github/collect:0
[14403047ms] [ERROR] Failed to load resource: net::ERR_CONNECTION_REFUSED @ https://collector.github.com/github/collect:0
[14403047ms] [ERROR] Failed to load resource: net::ERR_CONNECTION_REFUSED @ https://collector.github.com/github/collect:0
[18003047ms] [ERROR] Failed to load resource: net::ERR_CONNECTION_REFUSED @ https://collector.github.com/github/collect:0
[18003047ms] [ERROR] Failed to load resource: net::ERR_CONNECTION_REFUSED @ https://collector.github.com/github/collect:0
[21603048ms] [ERROR] Failed to load resource: net::ERR_CONNECTION_REFUSED @ https://collector.github.com/github/collect:0
[21603048ms] [ERROR] Failed to load resource: net::ERR_CONNECTION_REFUSED @ https://collector.github.com/github/collect:0
[25203047ms] [ERROR] Failed to load resource: net::ERR_CONNECTION_REFUSED @ https://collector.github.com/github/collect:0
[25203047ms] [ERROR] Failed to load resource: net::ERR_CONNECTION_REFUSED @ https://collector.github.com/github/collect:0
[28803051ms] [ERROR] Failed to load resource: net::ERR_CONNECTION_REFUSED @ https://collector.github.com/github/collect:0
[28803052ms] [ERROR] Failed to load resource: net::ERR_CONNECTION_REFUSED @ https://collector.github.com/github/collect:0
[32403049ms] [ERROR] Failed to load resource: net::ERR_CONNECTION_REFUSED @ https://collector.github.com/github/collect:0
[32403049ms] [ERROR] Failed to load resource: net::ERR_CONNECTION_REFUSED @ https://collector.github.com/github/collect:0
